Microchip MPLAB XC8 Compiler V2.40

Linker command line:

-W-3 \
  --edf=C:\Program Files\Microchip\xc8\v2.40\pic\dat\20220703182018_en.msgs \
  -cn -h+dist/default/production\GPIO_Driver.production.sym \
  --cmf=dist/default/production\GPIO_Driver.production.cmf -z -Q18F4620 \
  -oC:\Users\KAREEM~1\AppData\Local\Temp\xcAs3s0.4 --defsym=__MPLAB_BUILD=1 \
  --fixupoverflow=error \
  -Mdist/default/production/GPIO_Driver.production.map \
  --md=C:\Users\KAREEM~1\AppData\Local\Temp\xcAs3s0.dat -E1 \
  -ver=XC8 Compiler --acfsm=1493 -ACODE=00h-0FFFFh -ACONST=00h-0FFFFh \
  -ASMALLCONST=01000h-010FFhx240 -AMEDIUMCONST=01000h-0FFFFh \
  -ACOMRAM=01h-07Fh -AABS1=00h-0F7Fh -ABIGRAM=01h-0F7Fh \
  -ARAM=080h-0FFh,0100h-01FFhx14,0F00h-0F7Fh -ABANK0=080h-0FFh \
  -ABANK1=0100h-01FFh -ABANK2=0200h-02FFh -ABANK3=0300h-03FFh \
  -ABANK4=0400h-04FFh -ABANK5=0500h-05FFh -ABANK6=0600h-06FFh \
  -ABANK7=0700h-07FFh -ABANK8=0800h-08FFh -ABANK9=0900h-09FFh \
  -ABANK10=0A00h-0AFFh -ABANK11=0B00h-0BFFh -ABANK12=0C00h-0CFFh \
  -ABANK13=0D00h-0DFFh -ABANK14=0E00h-0EFFh -ABANK15=0F00h-0F7Fh \
  -ASFR=0F80h-0FFFh -ABIGSFR=0F80h-0FFFh -ACONFIG=0300000h-030000Dh \
  -AIDLOC=0200000h-0200007h -AEEDATA=0F00000h-0F003FFh -peeprom_data=EEDATA \
  -preset_vec=00h,intcode,intcodelo,powerup,init -pramtop=01000h \
  -psmallconst=SMALLCONST -pmediumconst=MEDIUMCONST -pconst=CONST \
  -AFARRAM=00h-00h \
  -prdata=COMRAM,nvrram=COMRAM,nvbit=COMRAM,rbss=COMRAM,rbit=COMRAM \
  -pfarbss=FARRAM,fardata=FARRAM,nvFARRAM=FARRAM \
  -pintsave_regs=BIGRAM,bigbss=BIGRAM,bigdata=BIGRAM -pbss=RAM \
  -pidata=CODE,irdata=CODE,ibigdata=CODE,ifardata=CODE -prparam=COMRAM \
  C:\Users\KAREEM~1\AppData\Local\Temp\xcAs3s0.o \
  dist/default/production\GPIO_Driver.production.o 

Object code version is 3.11

Machine type is 18F4620



                Name                               Link     Load   Length Selector   Space Scale
C:\Users\KAREEM~1\AppData\Local\Temp\xcAs3s0.o
                idloc                            200000   200000        8        0       5
                config                           300000   300000        E        0       4
                init                                  0        0        4        0       0
dist/default/production\GPIO_Driver.production.o
                idloc                            200000   200000        8        0       5
                config                           300000   300000        E        0       4
                smallconst                         1000     1000       12      800       0
                text6                              1012     1012      162      809       0
                text5                              1174     1174      14A      809       0
                text4                              13D2     13D2       EE      809       0
                text3                              1616     1616       10      AFA       0
                text2                              14C0     14C0       D6      809       0
                text1                              12BE     12BE      114      809       0
                text0                              15F4     15F4       22      AFA       0
                cstackCOMRAM                         28       28       18        1       1
                dataCOMRAM                            1        1       27        1       1
                bssCOMRAM                            40       40       10        1       1
                cinit                              1596     1596       36      809       0
                idataCOMRAM                        15CC     15CC       27      809       0

TOTAL           Name                               Link     Load   Length     Space
        CLASS   CODE           
                init                                  0        0        4         0
                text6                              1012     1012      162         0
                text5                              1174     1174      14A         0
                text4                              13D2     13D2       EE         0
                text3                              1616     1616       10         0
                text2                              14C0     14C0       D6         0
                text1                              12BE     12BE      114         0
                text0                              15F4     15F4       22         0
                cinit                              1596     1596       36         0
                idataCOMRAM                        15CC     15CC       27         0

        CLASS   CONST          

        CLASS   SMALLCONST     
                smallconst                         1000     1000       12         0

        CLASS   MEDIUMCONST    

        CLASS   COMRAM         
                cstackCOMRAM                         28       28       18         1
                dataCOMRAM                            1        1       27         1
                bssCOMRAM                            40       40       10         1

        CLASS   ABS1           

        CLASS   BIGRAM         

        CLASS   RAM            

        CLASS   BANK0          

        CLASS   BANK1          

        CLASS   BANK2          

        CLASS   BANK3          

        CLASS   BANK4          

        CLASS   BANK5          

        CLASS   BANK6          

        CLASS   BANK7          

        CLASS   BANK8          

        CLASS   BANK9          

        CLASS   BANK10         

        CLASS   BANK11         

        CLASS   BANK12         

        CLASS   BANK13         

        CLASS   BANK14         

        CLASS   BANK15         

        CLASS   SFR            

        CLASS   BIGSFR         

        CLASS   CONFIG         
                config                           300000   300000        E         4

        CLASS   IDLOC          
                idloc                            200000   200000        8         5

        CLASS   EEDATA         

        CLASS   FARRAM         

        CLASS   HEAP           

        CLASS   STACK          



SEGMENTS        Name                           Load    Length   Top    Selector   Space  Class

                reset_vec                      000000  000004  000004         0       0  CODE    
                dataCOMRAM                     000001  00004F  000050         1       1  COMRAM  
                smallconst                     001000  000012  001012       800       0  SMALLCON
                text6                          001012  0005E1  0015F3       809       0  CODE    
                text0                          0015F4  000032  001626       AFA       0  CODE    


UNUSED ADDRESS RANGES

        Name                Unused          Largest block    Delta
        BANK0            000080-0000FF               80
        BANK1            000100-0001FF              100
        BANK10           000A00-000AFF              100
        BANK11           000B00-000BFF              100
        BANK12           000C00-000CFF              100
        BANK13           000D00-000DFF              100
        BANK14           000E00-000EFF              100
        BANK15           000F00-000F7F               80
        BANK2            000200-0002FF              100
        BANK3            000300-0003FF              100
        BANK4            000400-0004FF              100
        BANK5            000500-0005FF              100
        BANK6            000600-0006FF              100
        BANK7            000700-0007FF              100
        BANK8            000800-0008FF              100
        BANK9            000900-0009FF              100
        BIGRAM           000050-000F7F              F30
        BIGSFR           000F80-000FFF               80
        CODE             000004-000FFF              FFC
                         0015F3-0015F3                1
                         001626-00FFFF             E9DA
        COMRAM           000050-00007F               30
        CONST            000004-000FFF              FFC
                         0015F3-0015F3                1
                         001626-00FFFF             E9DA
        EEDATA           F00000-F003FF              400
        MEDIUMCONST      0015F3-0015F3                1
                         001626-00FFFF             E9DA
        RAM              000080-000F7F              100
        SFR              000F80-000FFF               80
        SMALLCONST       0015F3-0015F3                1
                         001626-00FFFF              100

                                  Symbol Table

Dc_motor_initialize@F2875             bssCOMRAM    00004E
Dc_motor_initialize@F2877             bssCOMRAM    00004D
Dc_motor_stop@F2898                   bssCOMRAM    000048
Dc_motor_stop@F2900                   bssCOMRAM    000047
Dc_motor_turn_left@F2884              bssCOMRAM    00004C
Dc_motor_turn_left@F2886              bssCOMRAM    00004B
Dc_motor_turn_right@F2891             bssCOMRAM    00004A
Dc_motor_turn_right@F2893             bssCOMRAM    000049
_Application_initialize               text3        001616
_LATA                                 (abs)        000F89
_LATB                                 (abs)        000F8A
_LATC                                 (abs)        000F8B
_LATD                                 (abs)        000F8C
_LATE                                 (abs)        000F8D
_PORTA                                (abs)        000F80
_PORTB                                (abs)        000F81
_PORTC                                (abs)        000F82
_PORTD                                (abs)        000F83
_PORTE                                (abs)        000F84
_TRISA                                (abs)        000F92
_TRISB                                (abs)        000F93
_TRISC                                (abs)        000F94
_TRISD                                (abs)        000F95
_TRISE                                (abs)        000F96
__HRAM                                (abs)        000000
__Habs1                               abs1         000000
__Hbank0                              bank0        000000
__Hbank1                              bank1        000000
__Hbank10                             bank10       000000
__Hbank11                             bank11       000000
__Hbank12                             bank12       000000
__Hbank13                             bank13       000000
__Hbank14                             bank14       000000
__Hbank15                             bank15       000000
__Hbank2                              bank2        000000
__Hbank3                              bank3        000000
__Hbank4                              bank4        000000
__Hbank5                              bank5        000000
__Hbank6                              bank6        000000
__Hbank7                              bank7        000000
__Hbank8                              bank8        000000
__Hbank9                              bank9        000000
__Hbigbss                             bigbss       000000
__Hbigdata                            bigdata      000000
__Hbigram                             bigram       000000
__Hbigsfr                             bigsfr       000000
__Hbss                                bss          000000
__HbssCOMRAM                          bssCOMRAM    000000
__Hcinit                              cinit        000000
__Hclrtext                            clrtext      000000
__Hcomram                             comram       000000
__Hconfig                             config       30000E
__Hconst                              const        000000
__HcstackCOMRAM                       cstackCOMRAM 000000
__Hdata                               data         000000
__HdataCOMRAM                         dataCOMRAM   000000
__Heeprom_data                        eeprom_data  000000
__Hfarbss                             farbss       000000
__Hfardata                            fardata      000000
__Hheap                               heap         000000
__Hibigdata                           ibigdata     000000
__Hidata                              idata        000000
__HidataCOMRAM                        idataCOMRAM  000000
__Hidloc                              idloc        200008
__Hifardata                           ifardata     000000
__Hinit                               init         000004
__Hintcode                            intcode      000000
__Hintcode_body                       intcode_body 000000
__Hintcodelo                          intcodelo    000000
__Hintentry                           intentry     000000
__Hintret                             intret       000000
__Hintsave_regs                       intsave_regs 000000
__Hirdata                             irdata       000000
__Hmediumconst                        mediumconst  000000
__HnvFARRAM                           nvFARRAM     000000
__Hnvbit                              nvbit        000000
__Hnvrram                             nvrram       000000
__Hparam                              rparam       000000
__Hpowerup                            powerup      000000
__Hram                                ram          000000
__Hramtop                             ramtop       001000
__Hrbit                               rbit         000000
__Hrbss                               rbss         000000
__Hrdata                              rdata        000000
__Hreset_vec                          reset_vec    000000
__Hrparam                             rparam       000000
__Hsfr                                sfr          000000
__Hsmallconst                         smallconst   001012
__Hspace_0                            (abs)        001626
__Hspace_1                            (abs)        000050
__Hspace_2                            (abs)        000000
__Hspace_4                            (abs)        60000E
__Hstack                              stack        000000
__Hstruct                             struct       000000
__Htemp                               temp         000000
__Htext                               text         000000
__Htext0                              text0        000000
__Htext1                              text1        000000
__Htext2                              text2        000000
__Htext3                              text3        000000
__Htext4                              text4        000000
__Htext5                              text5        000000
__Htext6                              text6        000000
__LRAM                                (abs)        000001
__Labs1                               abs1         000000
__Lbank0                              bank0        000000
__Lbank1                              bank1        000000
__Lbank10                             bank10       000000
__Lbank11                             bank11       000000
__Lbank12                             bank12       000000
__Lbank13                             bank13       000000
__Lbank14                             bank14       000000
__Lbank15                             bank15       000000
__Lbank2                              bank2        000000
__Lbank3                              bank3        000000
__Lbank4                              bank4        000000
__Lbank5                              bank5        000000
__Lbank6                              bank6        000000
__Lbank7                              bank7        000000
__Lbank8                              bank8        000000
__Lbank9                              bank9        000000
__Lbigbss                             bigbss       000000
__Lbigdata                            bigdata      000000
__Lbigram                             bigram       000000
__Lbigsfr                             bigsfr       000000
__Lbss                                bss          000000
__LbssCOMRAM                          bssCOMRAM    000000
__Lcinit                              cinit        000000
__Lclrtext                            clrtext      000000
__Lcomram                             comram       000000
__Lconfig                             config       000000
__Lconst                              const        000000
__LcstackCOMRAM                       cstackCOMRAM 000000
__Ldata                               data         000000
__LdataCOMRAM                         dataCOMRAM   000000
__Leeprom_data                        eeprom_data  000000
__Lfarbss                             farbss       000000
__Lfardata                            fardata      000000
__Lheap                               heap         000000
__Libigdata                           ibigdata     000000
__Lidata                              idata        000000
__LidataCOMRAM                        idataCOMRAM  000000
__Lidloc                              idloc        000000
__Lifardata                           ifardata     000000
__Linit                               init         000000
__Lintcode                            intcode      000000
__Lintcode_body                       intcode_body 000000
__Lintcodelo                          intcodelo    000000
__Lintentry                           intentry     000000
__Lintret                             intret       000000
__Lintsave_regs                       intsave_regs 000000
__Lirdata                             irdata       000000
__Lmediumconst                        mediumconst  000000
__LnvFARRAM                           nvFARRAM     000000
__Lnvbit                              nvbit        000000
__Lnvrram                             nvrram       000000
__Lparam                              rparam       000000
__Lpowerup                            powerup      000000
__Lram                                ram          000000
__Lramtop                             ramtop       001000
__Lrbit                               rbit         000000
__Lrbss                               rbss         000000
__Lrdata                              rdata        000000
__Lreset_vec                          reset_vec    000000
__Lrparam                             rparam       000000
__Lsfr                                sfr          000000
__Lsmallconst                         smallconst   001000
__Lspace_0                            (abs)        000000
__Lspace_1                            (abs)        000000
__Lspace_2                            (abs)        000000
__Lspace_4                            (abs)        000000
__Lstack                              stack        000000
__Lstruct                             struct       000000
__Ltemp                               temp         000000
__Ltext                               text         000000
__Ltext0                              text0        000000
__Ltext1                              text1        000000
__Ltext2                              text2        000000
__Ltext3                              text3        000000
__Ltext4                              text4        000000
__Ltext5                              text5        000000
__Ltext6                              text6        000000
__S0                                  (abs)        001626
__S1                                  (abs)        000050
__S4                                  (abs)        000000
__S5                                  (abs)        000000
___heap_hi                            (abs)        000000
___heap_lo                            (abs)        000000
___inthi_sp                           stack        000000
___intlo_sp                           stack        000000
___param_bank                         (abs)        000000
___rparam_used                        (abs)        000001
___sp                                 stack        000000
__accesstop                           (abs)        000080
__activetblptr                        (abs)        000002
__end_of_Application_initialize       text3        001626
__end_of__initialization              cinit        0015C2
__end_of_btn_values                   smallconst   001011
__end_of_gpio_pin_direction_init      text6        001174
__end_of_gpio_pin_read_logic          text2        001596
__end_of_gpio_pin_write_logic         text5        0012BE
__end_of_keypad_get_value             text1        0013D2
__end_of_keypad_initialize            text4        0014C0
__end_of_main                         text0        001616
__initialization                      cinit        001596
__mediumconst                         mediumconst  000000
__pbssCOMRAM                          bssCOMRAM    000040
__pcinit                              cinit        001596
__pcstackCOMRAM                       cstackCOMRAM 000028
__pdataCOMRAM                         dataCOMRAM   000001
__pidataCOMRAM                        idataCOMRAM  0015CC
__psmallconst                         smallconst   001000
__ptext0                              text0        0015F4
__ptext1                              text1        0012BE
__ptext2                              text2        0014C0
__ptext3                              text3        001616
__ptext4                              text4        0013D2
__ptext5                              text5        001174
__ptext6                              text6        001012
__ramtop                              ramtop       001000
__smallconst                          smallconst   001000
_btn_values                           smallconst   001001
_gpio_pin_direction_init              text6        001012
_gpio_pin_read_logic                  text2        0014C0
_gpio_pin_write_logic                 text5        001174
_kaypad_1                             dataCOMRAM   000020
_keypad_get_value                     text1        0012BE
_keypad_initialize                    text4        0013D2
_lat_register                         dataCOMRAM   00000B
_main                                 text0        0015F4
_port_register                        dataCOMRAM   000001
_ret                                  dataCOMRAM   00001F
_tris_register                        dataCOMRAM   000015
_val                                  bssCOMRAM    00004F
end_of_initialization                 cinit        0015C2
gpio_pin_direction_init@_pin_config_t cstackCOMRAM 000028
gpio_pin_direction_init@ret           cstackCOMRAM 000030
gpio_pin_read_logic@_pin_config_t     cstackCOMRAM 000028
gpio_pin_read_logic@logic             cstackCOMRAM 00002A
gpio_pin_read_logic@ret               cstackCOMRAM 000031
gpio_pin_write_logic@_pin_config_t    cstackCOMRAM 000028
gpio_pin_write_logic@logic            cstackCOMRAM 00002A
gpio_pin_write_logic@ret              cstackCOMRAM 000031
intlevel0                             text         000000
intlevel1                             text         000000
intlevel2                             text         000000
intlevel3                             text         000000
isa$std                               (abs)        000001
isa$xinst                             (abs)        000000
keypad_get_value@_keypad              cstackCOMRAM 000032
keypad_get_value@cnt_column           cstackCOMRAM 00003A
keypad_get_value@cnt_row1             cstackCOMRAM 000038
keypad_get_value@cnt_row2             cstackCOMRAM 000039
keypad_get_value@i                    cstackCOMRAM 00003E
keypad_get_value@j                    cstackCOMRAM 00003C
keypad_get_value@k                    cstackCOMRAM 00003F
keypad_get_value@logic_btn            cstackCOMRAM 00003D
keypad_get_value@ret                  cstackCOMRAM 00003B
keypad_get_value@value                cstackCOMRAM 000034
keypad_initialize@_keypad             cstackCOMRAM 000032
keypad_initialize@cnt_column          cstackCOMRAM 000039
keypad_initialize@cnt_row             cstackCOMRAM 000038
keypad_initialize@i                   cstackCOMRAM 00003B
keypad_initialize@j                   cstackCOMRAM 00003C
keypad_initialize@ret                 cstackCOMRAM 00003A
led_initialize@F2876                  bssCOMRAM    000046
led_toggle_logic@F2891                bssCOMRAM    000043
led_turn_off@F2886                    bssCOMRAM    000044
led_turn_on@F2881                     bssCOMRAM    000045
relay_initialize@F2870                bssCOMRAM    000042
relay_turn_off@F2880                  bssCOMRAM    000040
relay_turn_on@F2875                   bssCOMRAM    000041
stackhi                               (abs)        000000
stacklo                               (abs)        000000
start                                 init         000000
start_initialization                  cinit        001596


MODULE INFORMATION

Module		Function		Class		Link	Load	Size
ECU_Layer/ecu_keypad/ecu_keypad.c
		_keypad_get_value		CODE           	12BE	0000	276
		_keypad_initialize		CODE           	13D2	0000	238

ECU_Layer/ecu_keypad/ecu_keypad.c estimated size: 514

Application.c
		_main          		CODE           	15F4	0000	34
		_Application_initialize		CODE           	1616	0000	16

Application.c estimated size: 50

shared
		_btn_values    		SMALLCONST     	1001	0000	16
		__initialization		CODE           	1596	0000	44

shared estimated size: 60

MCAL_Layer/hal_gpio.c
		_gpio_pin_write_logic		CODE           	1174	0000	330
		_gpio_pin_direction_init		CODE           	1012	0000	354
		_gpio_pin_read_logic		CODE           	14C0	0000	214

MCAL_Layer/hal_gpio.c estimated size: 898

